------------------------------------------------------------
Timing Analyzer Summary
------------------------------------------------------------

Type  : Slow 1100mV 85C Model Setup 'clock'
Slack : -10.171
TNS   : -3325.497

Type  : Slow 1100mV 85C Model Setup 'ktane_mem:memory|button_mem:button_mem|oleds:button_oled|divider:div|en'
Slack : -10.166
TNS   : -534.214

Type  : Slow 1100mV 85C Model Setup 'ktane_mem:memory|keypad_mem:keypad_mem|oleds:button_oled1|divider:div|en'
Slack : -7.108
TNS   : -384.964

Type  : Slow 1100mV 85C Model Setup 'ktane_mem:memory|keypad_mem:keypad_mem|oleds:button_oled2|divider:div|en'
Slack : -6.719
TNS   : -378.414

Type  : Slow 1100mV 85C Model Setup 'ktane_mem:memory|keypad_mem:keypad_mem|oleds:button_oled2|I2C:U1|data_in_ready_reg'
Slack : -5.626
TNS   : -179.785

Type  : Slow 1100mV 85C Model Setup 'ktane_mem:memory|button_mem:button_mem|oleds:button_oled|I2C:U1|data_in_ready_reg'
Slack : -5.474
TNS   : -164.783

Type  : Slow 1100mV 85C Model Setup 'ktane_mem:memory|keypad_mem:keypad_mem|oleds:button_oled1|I2C:U1|data_in_ready_reg'
Slack : -5.334
TNS   : -168.274

Type  : Slow 1100mV 85C Model Setup 'ktane_mem:memory|keypad_mem:keypad_mem|setGlyph1'
Slack : -3.923
TNS   : -59.612

Type  : Slow 1100mV 85C Model Setup 'FSM:fsm|currentState.11'
Slack : -3.765
TNS   : -58.505

Type  : Slow 1100mV 85C Model Setup 'ktane_mem:memory|keypad_mem:keypad_mem|setGlyph3'
Slack : -3.500
TNS   : -51.029

Type  : Slow 1100mV 85C Model Setup 'ktane_mem:memory|button_mem:button_mem|oleds:button_oled|CS[1]'
Slack : -2.650
TNS   : -21.906

Type  : Slow 1100mV 85C Model Setup 'ktane_mem:memory|keypad_mem:keypad_mem|oleds:button_oled1|CS[1]'
Slack : -2.130
TNS   : -16.856

Type  : Slow 1100mV 85C Model Setup 'ktane_mem:memory|keypad_mem:keypad_mem|oleds:button_oled2|CS[1]'
Slack : -1.878
TNS   : -16.580

Type  : Slow 1100mV 85C Model Hold 'ktane_mem:memory|keypad_mem:keypad_mem|oleds:button_oled1|divider:div|en'
Slack : -0.435
TNS   : -0.869

Type  : Slow 1100mV 85C Model Hold 'ktane_mem:memory|keypad_mem:keypad_mem|oleds:button_oled2|divider:div|en'
Slack : 0.157
TNS   : 0.000

Type  : Slow 1100mV 85C Model Hold 'clock'
Slack : 0.173
TNS   : 0.000

Type  : Slow 1100mV 85C Model Hold 'ktane_mem:memory|button_mem:button_mem|oleds:button_oled|divider:div|en'
Slack : 0.270
TNS   : 0.000

Type  : Slow 1100mV 85C Model Hold 'ktane_mem:memory|keypad_mem:keypad_mem|oleds:button_oled2|I2C:U1|data_in_ready_reg'
Slack : 0.277
TNS   : 0.000

Type  : Slow 1100mV 85C Model Hold 'ktane_mem:memory|button_mem:button_mem|oleds:button_oled|I2C:U1|data_in_ready_reg'
Slack : 0.284
TNS   : 0.000

Type  : Slow 1100mV 85C Model Hold 'ktane_mem:memory|keypad_mem:keypad_mem|oleds:button_oled1|I2C:U1|data_in_ready_reg'
Slack : 0.288
TNS   : 0.000

Type  : Slow 1100mV 85C Model Hold 'ktane_mem:memory|button_mem:button_mem|oleds:button_oled|CS[1]'
Slack : 0.481
TNS   : 0.000

Type  : Slow 1100mV 85C Model Hold 'ktane_mem:memory|keypad_mem:keypad_mem|oleds:button_oled1|CS[1]'
Slack : 0.851
TNS   : 0.000

Type  : Slow 1100mV 85C Model Hold 'ktane_mem:memory|keypad_mem:keypad_mem|oleds:button_oled2|CS[1]'
Slack : 0.866
TNS   : 0.000

Type  : Slow 1100mV 85C Model Hold 'FSM:fsm|currentState.11'
Slack : 1.227
TNS   : 0.000

Type  : Slow 1100mV 85C Model Hold 'ktane_mem:memory|keypad_mem:keypad_mem|setGlyph3'
Slack : 1.897
TNS   : 0.000

Type  : Slow 1100mV 85C Model Hold 'ktane_mem:memory|keypad_mem:keypad_mem|setGlyph1'
Slack : 2.600
TNS   : 0.000

Type  : Slow 1100mV 85C Model Recovery 'ktane_mem:memory|keypad_mem:keypad_mem|oleds:button_oled2|I2C:U1|data_in_ready_reg'
Slack : -5.657
TNS   : -163.855

Type  : Slow 1100mV 85C Model Recovery 'ktane_mem:memory|button_mem:button_mem|oleds:button_oled|I2C:U1|data_in_ready_reg'
Slack : -5.449
TNS   : -155.611

Type  : Slow 1100mV 85C Model Recovery 'ktane_mem:memory|keypad_mem:keypad_mem|oleds:button_oled1|I2C:U1|data_in_ready_reg'
Slack : -4.968
TNS   : -141.396

Type  : Slow 1100mV 85C Model Removal 'ktane_mem:memory|keypad_mem:keypad_mem|oleds:button_oled1|I2C:U1|data_in_ready_reg'
Slack : 0.978
TNS   : 0.000

Type  : Slow 1100mV 85C Model Removal 'ktane_mem:memory|keypad_mem:keypad_mem|oleds:button_oled2|I2C:U1|data_in_ready_reg'
Slack : 1.106
TNS   : 0.000

Type  : Slow 1100mV 85C Model Removal 'ktane_mem:memory|button_mem:button_mem|oleds:button_oled|I2C:U1|data_in_ready_reg'
Slack : 1.269
TNS   : 0.000

Type  : Slow 1100mV 85C Model Minimum Pulse Width 'clock'
Slack : -0.716
TNS   : -388.014

Type  : Slow 1100mV 85C Model Minimum Pulse Width 'ktane_mem:memory|keypad_mem:keypad_mem|oleds:button_oled1|divider:div|en'
Slack : -0.429
TNS   : -53.541

Type  : Slow 1100mV 85C Model Minimum Pulse Width 'ktane_mem:memory|button_mem:button_mem|oleds:button_oled|divider:div|en'
Slack : -0.394
TNS   : -44.820

Type  : Slow 1100mV 85C Model Minimum Pulse Width 'ktane_mem:memory|keypad_mem:keypad_mem|oleds:button_oled2|divider:div|en'
Slack : -0.394
TNS   : -44.014

Type  : Slow 1100mV 85C Model Minimum Pulse Width 'ktane_mem:memory|button_mem:button_mem|oleds:button_oled|I2C:U1|data_in_ready_reg'
Slack : -0.394
TNS   : -19.179

Type  : Slow 1100mV 85C Model Minimum Pulse Width 'ktane_mem:memory|keypad_mem:keypad_mem|oleds:button_oled2|I2C:U1|data_in_ready_reg'
Slack : -0.394
TNS   : -18.889

Type  : Slow 1100mV 85C Model Minimum Pulse Width 'ktane_mem:memory|keypad_mem:keypad_mem|oleds:button_oled1|I2C:U1|data_in_ready_reg'
Slack : -0.394
TNS   : -18.751

Type  : Slow 1100mV 85C Model Minimum Pulse Width 'ktane_mem:memory|keypad_mem:keypad_mem|setGlyph3'
Slack : -0.394
TNS   : -11.551

Type  : Slow 1100mV 85C Model Minimum Pulse Width 'ktane_mem:memory|keypad_mem:keypad_mem|setGlyph1'
Slack : -0.394
TNS   : -10.403

Type  : Slow 1100mV 85C Model Minimum Pulse Width 'FSM:fsm|currentState.11'
Slack : -0.394
TNS   : -10.321

Type  : Slow 1100mV 85C Model Minimum Pulse Width 'ktane_mem:memory|button_mem:button_mem|oleds:button_oled|CS[1]'
Slack : -0.394
TNS   : -6.500

Type  : Slow 1100mV 85C Model Minimum Pulse Width 'ktane_mem:memory|keypad_mem:keypad_mem|oleds:button_oled2|CS[1]'
Slack : -0.394
TNS   : -5.702

Type  : Slow 1100mV 85C Model Minimum Pulse Width 'ktane_mem:memory|keypad_mem:keypad_mem|oleds:button_oled1|CS[1]'
Slack : -0.394
TNS   : -5.011

Type  : Slow 1100mV 0C Model Setup 'ktane_mem:memory|button_mem:button_mem|oleds:button_oled|divider:div|en'
Slack : -10.110
TNS   : -529.415

Type  : Slow 1100mV 0C Model Setup 'clock'
Slack : -9.934
TNS   : -3210.050

Type  : Slow 1100mV 0C Model Setup 'ktane_mem:memory|keypad_mem:keypad_mem|oleds:button_oled1|divider:div|en'
Slack : -7.040
TNS   : -384.896

Type  : Slow 1100mV 0C Model Setup 'ktane_mem:memory|keypad_mem:keypad_mem|oleds:button_oled2|divider:div|en'
Slack : -6.778
TNS   : -374.726

Type  : Slow 1100mV 0C Model Setup 'ktane_mem:memory|keypad_mem:keypad_mem|oleds:button_oled2|I2C:U1|data_in_ready_reg'
Slack : -5.650
TNS   : -182.053

Type  : Slow 1100mV 0C Model Setup 'ktane_mem:memory|button_mem:button_mem|oleds:button_oled|I2C:U1|data_in_ready_reg'
Slack : -5.407
TNS   : -165.090

Type  : Slow 1100mV 0C Model Setup 'ktane_mem:memory|keypad_mem:keypad_mem|oleds:button_oled1|I2C:U1|data_in_ready_reg'
Slack : -5.382
TNS   : -170.914

Type  : Slow 1100mV 0C Model Setup 'ktane_mem:memory|keypad_mem:keypad_mem|setGlyph1'
Slack : -4.050
TNS   : -61.717

Type  : Slow 1100mV 0C Model Setup 'FSM:fsm|currentState.11'
Slack : -3.849
TNS   : -61.440

Type  : Slow 1100mV 0C Model Setup 'ktane_mem:memory|keypad_mem:keypad_mem|setGlyph3'
Slack : -3.688
TNS   : -53.870

Type  : Slow 1100mV 0C Model Setup 'ktane_mem:memory|button_mem:button_mem|oleds:button_oled|CS[1]'
Slack : -2.675
TNS   : -21.977

Type  : Slow 1100mV 0C Model Setup 'ktane_mem:memory|keypad_mem:keypad_mem|oleds:button_oled1|CS[1]'
Slack : -2.034
TNS   : -16.693

Type  : Slow 1100mV 0C Model Setup 'ktane_mem:memory|keypad_mem:keypad_mem|oleds:button_oled2|CS[1]'
Slack : -1.937
TNS   : -16.944

Type  : Slow 1100mV 0C Model Hold 'ktane_mem:memory|keypad_mem:keypad_mem|oleds:button_oled1|divider:div|en'
Slack : -0.336
TNS   : -0.669

Type  : Slow 1100mV 0C Model Hold 'clock'
Slack : -0.006
TNS   : -0.006

Type  : Slow 1100mV 0C Model Hold 'ktane_mem:memory|keypad_mem:keypad_mem|oleds:button_oled2|divider:div|en'
Slack : 0.148
TNS   : 0.000

Type  : Slow 1100mV 0C Model Hold 'ktane_mem:memory|button_mem:button_mem|oleds:button_oled|divider:div|en'
Slack : 0.243
TNS   : 0.000

Type  : Slow 1100mV 0C Model Hold 'ktane_mem:memory|keypad_mem:keypad_mem|oleds:button_oled2|I2C:U1|data_in_ready_reg'
Slack : 0.277
TNS   : 0.000

Type  : Slow 1100mV 0C Model Hold 'ktane_mem:memory|button_mem:button_mem|oleds:button_oled|I2C:U1|data_in_ready_reg'
Slack : 0.282
TNS   : 0.000

Type  : Slow 1100mV 0C Model Hold 'ktane_mem:memory|keypad_mem:keypad_mem|oleds:button_oled1|I2C:U1|data_in_ready_reg'
Slack : 0.286
TNS   : 0.000

Type  : Slow 1100mV 0C Model Hold 'ktane_mem:memory|button_mem:button_mem|oleds:button_oled|CS[1]'
Slack : 0.466
TNS   : 0.000

Type  : Slow 1100mV 0C Model Hold 'ktane_mem:memory|keypad_mem:keypad_mem|oleds:button_oled1|CS[1]'
Slack : 0.790
TNS   : 0.000

Type  : Slow 1100mV 0C Model Hold 'ktane_mem:memory|keypad_mem:keypad_mem|oleds:button_oled2|CS[1]'
Slack : 0.850
TNS   : 0.000

Type  : Slow 1100mV 0C Model Hold 'FSM:fsm|currentState.11'
Slack : 1.291
TNS   : 0.000

Type  : Slow 1100mV 0C Model Hold 'ktane_mem:memory|keypad_mem:keypad_mem|setGlyph3'
Slack : 2.092
TNS   : 0.000

Type  : Slow 1100mV 0C Model Hold 'ktane_mem:memory|keypad_mem:keypad_mem|setGlyph1'
Slack : 2.736
TNS   : 0.000

Type  : Slow 1100mV 0C Model Recovery 'ktane_mem:memory|keypad_mem:keypad_mem|oleds:button_oled2|I2C:U1|data_in_ready_reg'
Slack : -5.698
TNS   : -165.001

Type  : Slow 1100mV 0C Model Recovery 'ktane_mem:memory|button_mem:button_mem|oleds:button_oled|I2C:U1|data_in_ready_reg'
Slack : -5.408
TNS   : -154.604

Type  : Slow 1100mV 0C Model Recovery 'ktane_mem:memory|keypad_mem:keypad_mem|oleds:button_oled1|I2C:U1|data_in_ready_reg'
Slack : -4.981
TNS   : -141.943

Type  : Slow 1100mV 0C Model Removal 'ktane_mem:memory|keypad_mem:keypad_mem|oleds:button_oled1|I2C:U1|data_in_ready_reg'
Slack : 1.003
TNS   : 0.000

Type  : Slow 1100mV 0C Model Removal 'ktane_mem:memory|keypad_mem:keypad_mem|oleds:button_oled2|I2C:U1|data_in_ready_reg'
Slack : 1.126
TNS   : 0.000

Type  : Slow 1100mV 0C Model Removal 'ktane_mem:memory|button_mem:button_mem|oleds:button_oled|I2C:U1|data_in_ready_reg'
Slack : 1.247
TNS   : 0.000

Type  : Slow 1100mV 0C Model Minimum Pulse Width 'clock'
Slack : -0.757
TNS   : -352.984

Type  : Slow 1100mV 0C Model Minimum Pulse Width 'ktane_mem:memory|keypad_mem:keypad_mem|oleds:button_oled1|divider:div|en'
Slack : -0.444
TNS   : -54.548

Type  : Slow 1100mV 0C Model Minimum Pulse Width 'ktane_mem:memory|keypad_mem:keypad_mem|setGlyph3'
Slack : -0.404
TNS   : -12.471

Type  : Slow 1100mV 0C Model Minimum Pulse Width 'ktane_mem:memory|keypad_mem:keypad_mem|oleds:button_oled2|divider:div|en'
Slack : -0.394
TNS   : -43.588

Type  : Slow 1100mV 0C Model Minimum Pulse Width 'ktane_mem:memory|button_mem:button_mem|oleds:button_oled|divider:div|en'
Slack : -0.394
TNS   : -43.140

Type  : Slow 1100mV 0C Model Minimum Pulse Width 'ktane_mem:memory|button_mem:button_mem|oleds:button_oled|I2C:U1|data_in_ready_reg'
Slack : -0.394
TNS   : -18.769

Type  : Slow 1100mV 0C Model Minimum Pulse Width 'ktane_mem:memory|keypad_mem:keypad_mem|oleds:button_oled1|I2C:U1|data_in_ready_reg'
Slack : -0.394
TNS   : -18.646

Type  : Slow 1100mV 0C Model Minimum Pulse Width 'ktane_mem:memory|keypad_mem:keypad_mem|oleds:button_oled2|I2C:U1|data_in_ready_reg'
Slack : -0.394
TNS   : -18.478

Type  : Slow 1100mV 0C Model Minimum Pulse Width 'ktane_mem:memory|keypad_mem:keypad_mem|setGlyph1'
Slack : -0.394
TNS   : -10.964

Type  : Slow 1100mV 0C Model Minimum Pulse Width 'FSM:fsm|currentState.11'
Slack : -0.394
TNS   : -10.516

Type  : Slow 1100mV 0C Model Minimum Pulse Width 'ktane_mem:memory|button_mem:button_mem|oleds:button_oled|CS[1]'
Slack : -0.394
TNS   : -6.583

Type  : Slow 1100mV 0C Model Minimum Pulse Width 'ktane_mem:memory|keypad_mem:keypad_mem|oleds:button_oled2|CS[1]'
Slack : -0.394
TNS   : -5.660

Type  : Slow 1100mV 0C Model Minimum Pulse Width 'ktane_mem:memory|keypad_mem:keypad_mem|oleds:button_oled1|CS[1]'
Slack : -0.394
TNS   : -5.361

Type  : Fast 1100mV 85C Model Setup 'clock'
Slack : -5.916
TNS   : -1890.323

Type  : Fast 1100mV 85C Model Setup 'ktane_mem:memory|button_mem:button_mem|oleds:button_oled|divider:div|en'
Slack : -5.390
TNS   : -281.002

Type  : Fast 1100mV 85C Model Setup 'ktane_mem:memory|keypad_mem:keypad_mem|oleds:button_oled1|divider:div|en'
Slack : -3.892
TNS   : -200.780

Type  : Fast 1100mV 85C Model Setup 'ktane_mem:memory|keypad_mem:keypad_mem|oleds:button_oled2|divider:div|en'
Slack : -3.714
TNS   : -195.924

Type  : Fast 1100mV 85C Model Setup 'ktane_mem:memory|keypad_mem:keypad_mem|oleds:button_oled2|I2C:U1|data_in_ready_reg'
Slack : -3.021
TNS   : -91.232

Type  : Fast 1100mV 85C Model Setup 'ktane_mem:memory|button_mem:button_mem|oleds:button_oled|I2C:U1|data_in_ready_reg'
Slack : -2.933
TNS   : -85.398

Type  : Fast 1100mV 85C Model Setup 'ktane_mem:memory|keypad_mem:keypad_mem|oleds:button_oled1|I2C:U1|data_in_ready_reg'
Slack : -2.694
TNS   : -84.710

Type  : Fast 1100mV 85C Model Setup 'ktane_mem:memory|keypad_mem:keypad_mem|setGlyph1'
Slack : -2.218
TNS   : -32.859

Type  : Fast 1100mV 85C Model Setup 'ktane_mem:memory|keypad_mem:keypad_mem|setGlyph3'
Slack : -1.953
TNS   : -27.733

Type  : Fast 1100mV 85C Model Setup 'FSM:fsm|currentState.11'
Slack : -1.793
TNS   : -29.089

Type  : Fast 1100mV 85C Model Setup 'ktane_mem:memory|button_mem:button_mem|oleds:button_oled|CS[1]'
Slack : -1.249
TNS   : -10.070

Type  : Fast 1100mV 85C Model Setup 'ktane_mem:memory|keypad_mem:keypad_mem|oleds:button_oled1|CS[1]'
Slack : -1.015
TNS   : -6.875

Type  : Fast 1100mV 85C Model Setup 'ktane_mem:memory|keypad_mem:keypad_mem|oleds:button_oled2|CS[1]'
Slack : -0.706
TNS   : -6.466

Type  : Fast 1100mV 85C Model Hold 'ktane_mem:memory|keypad_mem:keypad_mem|oleds:button_oled1|divider:div|en'
Slack : -0.472
TNS   : -1.555

Type  : Fast 1100mV 85C Model Hold 'clock'
Slack : -0.126
TNS   : -0.126

Type  : Fast 1100mV 85C Model Hold 'ktane_mem:memory|keypad_mem:keypad_mem|oleds:button_oled2|divider:div|en'
Slack : -0.043
TNS   : -0.128

Type  : Fast 1100mV 85C Model Hold 'ktane_mem:memory|button_mem:button_mem|oleds:button_oled|divider:div|en'
Slack : -0.026
TNS   : -0.031

Type  : Fast 1100mV 85C Model Hold 'ktane_mem:memory|keypad_mem:keypad_mem|oleds:button_oled2|I2C:U1|data_in_ready_reg'
Slack : 0.090
TNS   : 0.000

Type  : Fast 1100mV 85C Model Hold 'ktane_mem:memory|button_mem:button_mem|oleds:button_oled|I2C:U1|data_in_ready_reg'
Slack : 0.094
TNS   : 0.000

Type  : Fast 1100mV 85C Model Hold 'ktane_mem:memory|keypad_mem:keypad_mem|oleds:button_oled1|I2C:U1|data_in_ready_reg'
Slack : 0.098
TNS   : 0.000

Type  : Fast 1100mV 85C Model Hold 'ktane_mem:memory|button_mem:button_mem|oleds:button_oled|CS[1]'
Slack : 0.210
TNS   : 0.000

Type  : Fast 1100mV 85C Model Hold 'ktane_mem:memory|keypad_mem:keypad_mem|oleds:button_oled2|CS[1]'
Slack : 0.433
TNS   : 0.000

Type  : Fast 1100mV 85C Model Hold 'ktane_mem:memory|keypad_mem:keypad_mem|oleds:button_oled1|CS[1]'
Slack : 0.447
TNS   : 0.000

Type  : Fast 1100mV 85C Model Hold 'FSM:fsm|currentState.11'
Slack : 0.622
TNS   : 0.000

Type  : Fast 1100mV 85C Model Hold 'ktane_mem:memory|keypad_mem:keypad_mem|setGlyph3'
Slack : 1.073
TNS   : 0.000

Type  : Fast 1100mV 85C Model Hold 'ktane_mem:memory|keypad_mem:keypad_mem|setGlyph1'
Slack : 1.453
TNS   : 0.000

Type  : Fast 1100mV 85C Model Recovery 'ktane_mem:memory|keypad_mem:keypad_mem|oleds:button_oled2|I2C:U1|data_in_ready_reg'
Slack : -3.056
TNS   : -88.356

Type  : Fast 1100mV 85C Model Recovery 'ktane_mem:memory|button_mem:button_mem|oleds:button_oled|I2C:U1|data_in_ready_reg'
Slack : -2.931
TNS   : -82.727

Type  : Fast 1100mV 85C Model Recovery 'ktane_mem:memory|keypad_mem:keypad_mem|oleds:button_oled1|I2C:U1|data_in_ready_reg'
Slack : -2.624
TNS   : -74.468

Type  : Fast 1100mV 85C Model Removal 'ktane_mem:memory|keypad_mem:keypad_mem|oleds:button_oled1|I2C:U1|data_in_ready_reg'
Slack : 0.574
TNS   : 0.000

Type  : Fast 1100mV 85C Model Removal 'ktane_mem:memory|keypad_mem:keypad_mem|oleds:button_oled2|I2C:U1|data_in_ready_reg'
Slack : 0.696
TNS   : 0.000

Type  : Fast 1100mV 85C Model Removal 'ktane_mem:memory|button_mem:button_mem|oleds:button_oled|I2C:U1|data_in_ready_reg'
Slack : 0.747
TNS   : 0.000

Type  : Fast 1100mV 85C Model Minimum Pulse Width 'clock'
Slack : -0.806
TNS   : -258.629

Type  : Fast 1100mV 85C Model Minimum Pulse Width 'ktane_mem:memory|keypad_mem:keypad_mem|oleds:button_oled1|divider:div|en'
Slack : -0.199
TNS   : -7.972

Type  : Fast 1100mV 85C Model Minimum Pulse Width 'ktane_mem:memory|keypad_mem:keypad_mem|setGlyph3'
Slack : -0.099
TNS   : -1.375

Type  : Fast 1100mV 85C Model Minimum Pulse Width 'ktane_mem:memory|keypad_mem:keypad_mem|oleds:button_oled2|divider:div|en'
Slack : -0.095
TNS   : -0.565

Type  : Fast 1100mV 85C Model Minimum Pulse Width 'FSM:fsm|currentState.11'
Slack : -0.036
TNS   : -0.036

Type  : Fast 1100mV 85C Model Minimum Pulse Width 'ktane_mem:memory|keypad_mem:keypad_mem|setGlyph1'
Slack : -0.035
TNS   : -0.162

Type  : Fast 1100mV 85C Model Minimum Pulse Width 'ktane_mem:memory|button_mem:button_mem|oleds:button_oled|divider:div|en'
Slack : -0.018
TNS   : -0.106

Type  : Fast 1100mV 85C Model Minimum Pulse Width 'ktane_mem:memory|button_mem:button_mem|oleds:button_oled|CS[1]'
Slack : 0.042
TNS   : 0.000

Type  : Fast 1100mV 85C Model Minimum Pulse Width 'ktane_mem:memory|button_mem:button_mem|oleds:button_oled|I2C:U1|data_in_ready_reg'
Slack : 0.046
TNS   : 0.000

Type  : Fast 1100mV 85C Model Minimum Pulse Width 'ktane_mem:memory|keypad_mem:keypad_mem|oleds:button_oled2|I2C:U1|data_in_ready_reg'
Slack : 0.060
TNS   : 0.000

Type  : Fast 1100mV 85C Model Minimum Pulse Width 'ktane_mem:memory|keypad_mem:keypad_mem|oleds:button_oled2|CS[1]'
Slack : 0.070
TNS   : 0.000

Type  : Fast 1100mV 85C Model Minimum Pulse Width 'ktane_mem:memory|keypad_mem:keypad_mem|oleds:button_oled1|I2C:U1|data_in_ready_reg'
Slack : 0.073
TNS   : 0.000

Type  : Fast 1100mV 85C Model Minimum Pulse Width 'ktane_mem:memory|keypad_mem:keypad_mem|oleds:button_oled1|CS[1]'
Slack : 0.085
TNS   : 0.000

Type  : Fast 1100mV 0C Model Setup 'clock'
Slack : -5.239
TNS   : -1635.161

Type  : Fast 1100mV 0C Model Setup 'ktane_mem:memory|button_mem:button_mem|oleds:button_oled|divider:div|en'
Slack : -4.943
TNS   : -256.570

Type  : Fast 1100mV 0C Model Setup 'ktane_mem:memory|keypad_mem:keypad_mem|oleds:button_oled1|divider:div|en'
Slack : -3.539
TNS   : -182.824

Type  : Fast 1100mV 0C Model Setup 'ktane_mem:memory|keypad_mem:keypad_mem|oleds:button_oled2|divider:div|en'
Slack : -3.406
TNS   : -178.662

Type  : Fast 1100mV 0C Model Setup 'ktane_mem:memory|keypad_mem:keypad_mem|oleds:button_oled2|I2C:U1|data_in_ready_reg'
Slack : -2.771
TNS   : -85.122

Type  : Fast 1100mV 0C Model Setup 'ktane_mem:memory|button_mem:button_mem|oleds:button_oled|I2C:U1|data_in_ready_reg'
Slack : -2.666
TNS   : -79.046

Type  : Fast 1100mV 0C Model Setup 'ktane_mem:memory|keypad_mem:keypad_mem|oleds:button_oled1|I2C:U1|data_in_ready_reg'
Slack : -2.525
TNS   : -79.427

Type  : Fast 1100mV 0C Model Setup 'ktane_mem:memory|keypad_mem:keypad_mem|setGlyph1'
Slack : -2.122
TNS   : -31.712

Type  : Fast 1100mV 0C Model Setup 'ktane_mem:memory|keypad_mem:keypad_mem|setGlyph3'
Slack : -1.887
TNS   : -27.185

Type  : Fast 1100mV 0C Model Setup 'FSM:fsm|currentState.11'
Slack : -1.755
TNS   : -28.857

Type  : Fast 1100mV 0C Model Setup 'ktane_mem:memory|button_mem:button_mem|oleds:button_oled|CS[1]'
Slack : -1.091
TNS   : -8.726

Type  : Fast 1100mV 0C Model Setup 'ktane_mem:memory|keypad_mem:keypad_mem|oleds:button_oled1|CS[1]'
Slack : -0.845
TNS   : -5.833

Type  : Fast 1100mV 0C Model Setup 'ktane_mem:memory|keypad_mem:keypad_mem|oleds:button_oled2|CS[1]'
Slack : -0.626
TNS   : -5.467

Type  : Fast 1100mV 0C Model Hold 'ktane_mem:memory|keypad_mem:keypad_mem|oleds:button_oled1|divider:div|en'
Slack : -0.423
TNS   : -1.371

Type  : Fast 1100mV 0C Model Hold 'clock'
Slack : -0.255
TNS   : -0.556

Type  : Fast 1100mV 0C Model Hold 'ktane_mem:memory|button_mem:button_mem|oleds:button_oled|divider:div|en'
Slack : -0.078
TNS   : -0.092

Type  : Fast 1100mV 0C Model Hold 'ktane_mem:memory|keypad_mem:keypad_mem|oleds:button_oled2|divider:div|en'
Slack : -0.065
TNS   : -0.250

Type  : Fast 1100mV 0C Model Hold 'ktane_mem:memory|keypad_mem:keypad_mem|oleds:button_oled2|I2C:U1|data_in_ready_reg'
Slack : 0.078
TNS   : 0.000

Type  : Fast 1100mV 0C Model Hold 'ktane_mem:memory|button_mem:button_mem|oleds:button_oled|I2C:U1|data_in_ready_reg'
Slack : 0.081
TNS   : 0.000

Type  : Fast 1100mV 0C Model Hold 'ktane_mem:memory|keypad_mem:keypad_mem|oleds:button_oled1|I2C:U1|data_in_ready_reg'
Slack : 0.083
TNS   : 0.000

Type  : Fast 1100mV 0C Model Hold 'ktane_mem:memory|button_mem:button_mem|oleds:button_oled|CS[1]'
Slack : 0.184
TNS   : 0.000

Type  : Fast 1100mV 0C Model Hold 'ktane_mem:memory|keypad_mem:keypad_mem|oleds:button_oled2|CS[1]'
Slack : 0.385
TNS   : 0.000

Type  : Fast 1100mV 0C Model Hold 'ktane_mem:memory|keypad_mem:keypad_mem|oleds:button_oled1|CS[1]'
Slack : 0.393
TNS   : 0.000

Type  : Fast 1100mV 0C Model Hold 'FSM:fsm|currentState.11'
Slack : 0.677
TNS   : 0.000

Type  : Fast 1100mV 0C Model Hold 'ktane_mem:memory|keypad_mem:keypad_mem|setGlyph3'
Slack : 1.120
TNS   : 0.000

Type  : Fast 1100mV 0C Model Hold 'ktane_mem:memory|keypad_mem:keypad_mem|setGlyph1'
Slack : 1.457
TNS   : 0.000

Type  : Fast 1100mV 0C Model Recovery 'ktane_mem:memory|keypad_mem:keypad_mem|oleds:button_oled2|I2C:U1|data_in_ready_reg'
Slack : -2.807
TNS   : -81.200

Type  : Fast 1100mV 0C Model Recovery 'ktane_mem:memory|button_mem:button_mem|oleds:button_oled|I2C:U1|data_in_ready_reg'
Slack : -2.674
TNS   : -75.653

Type  : Fast 1100mV 0C Model Recovery 'ktane_mem:memory|keypad_mem:keypad_mem|oleds:button_oled1|I2C:U1|data_in_ready_reg'
Slack : -2.419
TNS   : -68.804

Type  : Fast 1100mV 0C Model Removal 'ktane_mem:memory|keypad_mem:keypad_mem|oleds:button_oled1|I2C:U1|data_in_ready_reg'
Slack : 0.485
TNS   : 0.000

Type  : Fast 1100mV 0C Model Removal 'ktane_mem:memory|keypad_mem:keypad_mem|oleds:button_oled2|I2C:U1|data_in_ready_reg'
Slack : 0.583
TNS   : 0.000

Type  : Fast 1100mV 0C Model Removal 'ktane_mem:memory|button_mem:button_mem|oleds:button_oled|I2C:U1|data_in_ready_reg'
Slack : 0.618
TNS   : 0.000

Type  : Fast 1100mV 0C Model Minimum Pulse Width 'clock'
Slack : -0.836
TNS   : -307.918

Type  : Fast 1100mV 0C Model Minimum Pulse Width 'ktane_mem:memory|keypad_mem:keypad_mem|oleds:button_oled1|divider:div|en'
Slack : -0.142
TNS   : -4.954

Type  : Fast 1100mV 0C Model Minimum Pulse Width 'ktane_mem:memory|keypad_mem:keypad_mem|setGlyph3'
Slack : -0.071
TNS   : -0.980

Type  : Fast 1100mV 0C Model Minimum Pulse Width 'ktane_mem:memory|keypad_mem:keypad_mem|oleds:button_oled2|divider:div|en'
Slack : -0.036
TNS   : -0.080

Type  : Fast 1100mV 0C Model Minimum Pulse Width 'ktane_mem:memory|keypad_mem:keypad_mem|setGlyph1'
Slack : -0.014
TNS   : -0.014

Type  : Fast 1100mV 0C Model Minimum Pulse Width 'FSM:fsm|currentState.11'
Slack : -0.007
TNS   : -0.007

Type  : Fast 1100mV 0C Model Minimum Pulse Width 'ktane_mem:memory|button_mem:button_mem|oleds:button_oled|divider:div|en'
Slack : 0.023
TNS   : 0.000

Type  : Fast 1100mV 0C Model Minimum Pulse Width 'ktane_mem:memory|button_mem:button_mem|oleds:button_oled|CS[1]'
Slack : 0.060
TNS   : 0.000

Type  : Fast 1100mV 0C Model Minimum Pulse Width 'ktane_mem:memory|button_mem:button_mem|oleds:button_oled|I2C:U1|data_in_ready_reg'
Slack : 0.069
TNS   : 0.000

Type  : Fast 1100mV 0C Model Minimum Pulse Width 'ktane_mem:memory|keypad_mem:keypad_mem|oleds:button_oled1|CS[1]'
Slack : 0.084
TNS   : 0.000

Type  : Fast 1100mV 0C Model Minimum Pulse Width 'ktane_mem:memory|keypad_mem:keypad_mem|oleds:button_oled2|CS[1]'
Slack : 0.085
TNS   : 0.000

Type  : Fast 1100mV 0C Model Minimum Pulse Width 'ktane_mem:memory|keypad_mem:keypad_mem|oleds:button_oled2|I2C:U1|data_in_ready_reg'
Slack : 0.086
TNS   : 0.000

Type  : Fast 1100mV 0C Model Minimum Pulse Width 'ktane_mem:memory|keypad_mem:keypad_mem|oleds:button_oled1|I2C:U1|data_in_ready_reg'
Slack : 0.091
TNS   : 0.000

------------------------------------------------------------
