------------------------------------------------------------
Timing Analyzer Summary
------------------------------------------------------------

Type  : Slow 1100mV 85C Model Setup 'FSM:fsm|currentState.11'
Slack : -18.973
TNS   : -60.079

Type  : Slow 1100mV 85C Model Setup 'clock'
Slack : -18.676
TNS   : -34209.909

Type  : Slow 1100mV 85C Model Setup 'ktane_mem:memory|keypad_mem:keypad_mem|oleds:button_oled1|divider:div|en'
Slack : -16.207
TNS   : -618.955

Type  : Slow 1100mV 85C Model Setup 'ktane_mem:memory|keypad_mem:keypad_mem|oleds:button_oled2|divider:div|en'
Slack : -16.095
TNS   : -634.743

Type  : Slow 1100mV 85C Model Setup 'ktane_mem:memory|button_mem:button_mem|oleds:button_oled|divider:div|en'
Slack : -15.895
TNS   : -435.445

Type  : Slow 1100mV 85C Model Setup 'ktane_mem:memory|keypad_mem:keypad_mem|oleds:button_oled2|I2C:U1|data_in_ready_reg'
Slack : -5.690
TNS   : -133.514

Type  : Slow 1100mV 85C Model Setup 'ktane_mem:memory|morse_mem:morse_mem|morse_blink:blinker|CS.FINISH'
Slack : -5.567
TNS   : -5.567

Type  : Slow 1100mV 85C Model Setup 'ktane_mem:memory|keypad_mem:keypad_mem|oleds:button_oled1|I2C:U1|data_in_ready_reg'
Slack : -4.713
TNS   : -127.272

Type  : Slow 1100mV 85C Model Setup 'ktane_mem:memory|button_mem:button_mem|oleds:button_oled|I2C:U1|data_in_ready_reg'
Slack : -4.622
TNS   : -131.536

Type  : Slow 1100mV 85C Model Setup 'ktane_mem:memory|keypad_mem:keypad_mem|oleds:button_oled2|CS.end_data'
Slack : -3.416
TNS   : -27.705

Type  : Slow 1100mV 85C Model Setup 'ktane_mem:memory|button_mem:button_mem|oleds:button_oled|CS.end_data'
Slack : -3.394
TNS   : -24.471

Type  : Slow 1100mV 85C Model Setup 'FSM:fsm|currentState.10'
Slack : -3.123
TNS   : -10.845

Type  : Slow 1100mV 85C Model Setup 'ktane_mem:memory|keypad_mem:keypad_mem|oleds:button_oled1|CS.end_data'
Slack : -3.111
TNS   : -22.424

Type  : Slow 1100mV 85C Model Hold 'FSM:fsm|currentState.11'
Slack : -1.452
TNS   : -1.452

Type  : Slow 1100mV 85C Model Hold 'clock'
Slack : -1.440
TNS   : -9.569

Type  : Slow 1100mV 85C Model Hold 'ktane_mem:memory|button_mem:button_mem|oleds:button_oled|divider:div|en'
Slack : -1.044
TNS   : -1.703

Type  : Slow 1100mV 85C Model Hold 'ktane_mem:memory|keypad_mem:keypad_mem|oleds:button_oled2|divider:div|en'
Slack : -0.549
TNS   : -1.094

Type  : Slow 1100mV 85C Model Hold 'ktane_mem:memory|keypad_mem:keypad_mem|oleds:button_oled1|divider:div|en'
Slack : -0.198
TNS   : -0.198

Type  : Slow 1100mV 85C Model Hold 'ktane_mem:memory|keypad_mem:keypad_mem|oleds:button_oled2|I2C:U1|data_in_ready_reg'
Slack : 0.278
TNS   : 0.000

Type  : Slow 1100mV 85C Model Hold 'ktane_mem:memory|button_mem:button_mem|oleds:button_oled|I2C:U1|data_in_ready_reg'
Slack : 0.284
TNS   : 0.000

Type  : Slow 1100mV 85C Model Hold 'ktane_mem:memory|keypad_mem:keypad_mem|oleds:button_oled1|I2C:U1|data_in_ready_reg'
Slack : 0.284
TNS   : 0.000

Type  : Slow 1100mV 85C Model Hold 'FSM:fsm|currentState.10'
Slack : 0.398
TNS   : 0.000

Type  : Slow 1100mV 85C Model Hold 'ktane_mem:memory|button_mem:button_mem|oleds:button_oled|CS.end_data'
Slack : 0.647
TNS   : 0.000

Type  : Slow 1100mV 85C Model Hold 'ktane_mem:memory|keypad_mem:keypad_mem|oleds:button_oled1|CS.end_data'
Slack : 0.649
TNS   : 0.000

Type  : Slow 1100mV 85C Model Hold 'ktane_mem:memory|keypad_mem:keypad_mem|oleds:button_oled2|CS.end_data'
Slack : 0.666
TNS   : 0.000

Type  : Slow 1100mV 85C Model Hold 'ktane_mem:memory|morse_mem:morse_mem|morse_blink:blinker|CS.FINISH'
Slack : 3.503
TNS   : 0.000

Type  : Slow 1100mV 85C Model Recovery 'ktane_mem:memory|keypad_mem:keypad_mem|oleds:button_oled2|I2C:U1|data_in_ready_reg'
Slack : -5.525
TNS   : -158.340

Type  : Slow 1100mV 85C Model Recovery 'ktane_mem:memory|keypad_mem:keypad_mem|oleds:button_oled1|I2C:U1|data_in_ready_reg'
Slack : -5.088
TNS   : -128.147

Type  : Slow 1100mV 85C Model Recovery 'ktane_mem:memory|button_mem:button_mem|oleds:button_oled|I2C:U1|data_in_ready_reg'
Slack : -4.802
TNS   : -138.409

Type  : Slow 1100mV 85C Model Removal 'ktane_mem:memory|keypad_mem:keypad_mem|oleds:button_oled1|I2C:U1|data_in_ready_reg'
Slack : -0.542
TNS   : -5.395

Type  : Slow 1100mV 85C Model Removal 'ktane_mem:memory|keypad_mem:keypad_mem|oleds:button_oled2|I2C:U1|data_in_ready_reg'
Slack : 0.812
TNS   : 0.000

Type  : Slow 1100mV 85C Model Removal 'ktane_mem:memory|button_mem:button_mem|oleds:button_oled|I2C:U1|data_in_ready_reg'
Slack : 0.877
TNS   : 0.000

Type  : Slow 1100mV 85C Model Minimum Pulse Width 'clock'
Slack : -2.636
TNS   : -21050.039

Type  : Slow 1100mV 85C Model Minimum Pulse Width 'FSM:fsm|currentState.10'
Slack : -0.924
TNS   : -7.128

Type  : Slow 1100mV 85C Model Minimum Pulse Width 'FSM:fsm|currentState.11'
Slack : -0.509
TNS   : -4.633

Type  : Slow 1100mV 85C Model Minimum Pulse Width 'ktane_mem:memory|button_mem:button_mem|oleds:button_oled|divider:div|en'
Slack : -0.457
TNS   : -44.342

Type  : Slow 1100mV 85C Model Minimum Pulse Width 'ktane_mem:memory|keypad_mem:keypad_mem|oleds:button_oled2|divider:div|en'
Slack : -0.406
TNS   : -54.697

Type  : Slow 1100mV 85C Model Minimum Pulse Width 'ktane_mem:memory|keypad_mem:keypad_mem|oleds:button_oled1|divider:div|en'
Slack : -0.394
TNS   : -53.205

Type  : Slow 1100mV 85C Model Minimum Pulse Width 'ktane_mem:memory|keypad_mem:keypad_mem|oleds:button_oled2|I2C:U1|data_in_ready_reg'
Slack : -0.394
TNS   : -21.730

Type  : Slow 1100mV 85C Model Minimum Pulse Width 'ktane_mem:memory|keypad_mem:keypad_mem|oleds:button_oled1|I2C:U1|data_in_ready_reg'
Slack : -0.394
TNS   : -21.656

Type  : Slow 1100mV 85C Model Minimum Pulse Width 'ktane_mem:memory|button_mem:button_mem|oleds:button_oled|I2C:U1|data_in_ready_reg'
Slack : -0.394
TNS   : -18.280

Type  : Slow 1100mV 85C Model Minimum Pulse Width 'ktane_mem:memory|keypad_mem:keypad_mem|oleds:button_oled2|CS.end_data'
Slack : -0.394
TNS   : -6.575

Type  : Slow 1100mV 85C Model Minimum Pulse Width 'ktane_mem:memory|keypad_mem:keypad_mem|oleds:button_oled1|CS.end_data'
Slack : -0.394
TNS   : -5.918

Type  : Slow 1100mV 85C Model Minimum Pulse Width 'ktane_mem:memory|button_mem:button_mem|oleds:button_oled|CS.end_data'
Slack : -0.394
TNS   : -5.486

Type  : Slow 1100mV 85C Model Minimum Pulse Width 'ktane_mem:memory|morse_mem:morse_mem|morse_blink:blinker|CS.FINISH'
Slack : 0.379
TNS   : 0.000

Type  : Slow 1100mV 0C Model Setup 'FSM:fsm|currentState.11'
Slack : -18.632
TNS   : -60.450

Type  : Slow 1100mV 0C Model Setup 'clock'
Slack : -18.203
TNS   : -32879.832

Type  : Slow 1100mV 0C Model Setup 'ktane_mem:memory|keypad_mem:keypad_mem|oleds:button_oled1|divider:div|en'
Slack : -15.959
TNS   : -613.204

Type  : Slow 1100mV 0C Model Setup 'ktane_mem:memory|keypad_mem:keypad_mem|oleds:button_oled2|divider:div|en'
Slack : -15.904
TNS   : -626.732

Type  : Slow 1100mV 0C Model Setup 'ktane_mem:memory|button_mem:button_mem|oleds:button_oled|divider:div|en'
Slack : -15.797
TNS   : -434.569

Type  : Slow 1100mV 0C Model Setup 'ktane_mem:memory|keypad_mem:keypad_mem|oleds:button_oled2|I2C:U1|data_in_ready_reg'
Slack : -5.624
TNS   : -134.028

Type  : Slow 1100mV 0C Model Setup 'ktane_mem:memory|morse_mem:morse_mem|morse_blink:blinker|CS.FINISH'
Slack : -5.546
TNS   : -5.546

Type  : Slow 1100mV 0C Model Setup 'ktane_mem:memory|keypad_mem:keypad_mem|oleds:button_oled1|I2C:U1|data_in_ready_reg'
Slack : -4.749
TNS   : -128.339

Type  : Slow 1100mV 0C Model Setup 'ktane_mem:memory|button_mem:button_mem|oleds:button_oled|I2C:U1|data_in_ready_reg'
Slack : -4.632
TNS   : -131.843

Type  : Slow 1100mV 0C Model Setup 'ktane_mem:memory|keypad_mem:keypad_mem|oleds:button_oled2|CS.end_data'
Slack : -3.311
TNS   : -27.419

Type  : Slow 1100mV 0C Model Setup 'FSM:fsm|currentState.10'
Slack : -3.283
TNS   : -11.532

Type  : Slow 1100mV 0C Model Setup 'ktane_mem:memory|button_mem:button_mem|oleds:button_oled|CS.end_data'
Slack : -3.259
TNS   : -24.129

Type  : Slow 1100mV 0C Model Setup 'ktane_mem:memory|keypad_mem:keypad_mem|oleds:button_oled1|CS.end_data'
Slack : -3.032
TNS   : -22.515

Type  : Slow 1100mV 0C Model Hold 'clock'
Slack : -1.644
TNS   : -20.783

Type  : Slow 1100mV 0C Model Hold 'FSM:fsm|currentState.11'
Slack : -1.332
TNS   : -1.332

Type  : Slow 1100mV 0C Model Hold 'ktane_mem:memory|button_mem:button_mem|oleds:button_oled|divider:div|en'
Slack : -0.958
TNS   : -1.504

Type  : Slow 1100mV 0C Model Hold 'ktane_mem:memory|keypad_mem:keypad_mem|oleds:button_oled2|divider:div|en'
Slack : -0.455
TNS   : -0.837

Type  : Slow 1100mV 0C Model Hold 'ktane_mem:memory|keypad_mem:keypad_mem|oleds:button_oled1|divider:div|en'
Slack : -0.187
TNS   : -0.187

Type  : Slow 1100mV 0C Model Hold 'ktane_mem:memory|keypad_mem:keypad_mem|oleds:button_oled2|I2C:U1|data_in_ready_reg'
Slack : 0.278
TNS   : 0.000

Type  : Slow 1100mV 0C Model Hold 'ktane_mem:memory|button_mem:button_mem|oleds:button_oled|I2C:U1|data_in_ready_reg'
Slack : 0.282
TNS   : 0.000

Type  : Slow 1100mV 0C Model Hold 'ktane_mem:memory|keypad_mem:keypad_mem|oleds:button_oled1|I2C:U1|data_in_ready_reg'
Slack : 0.282
TNS   : 0.000

Type  : Slow 1100mV 0C Model Hold 'FSM:fsm|currentState.10'
Slack : 0.461
TNS   : 0.000

Type  : Slow 1100mV 0C Model Hold 'ktane_mem:memory|keypad_mem:keypad_mem|oleds:button_oled1|CS.end_data'
Slack : 0.641
TNS   : 0.000

Type  : Slow 1100mV 0C Model Hold 'ktane_mem:memory|button_mem:button_mem|oleds:button_oled|CS.end_data'
Slack : 0.646
TNS   : 0.000

Type  : Slow 1100mV 0C Model Hold 'ktane_mem:memory|keypad_mem:keypad_mem|oleds:button_oled2|CS.end_data'
Slack : 0.662
TNS   : 0.000

Type  : Slow 1100mV 0C Model Hold 'ktane_mem:memory|morse_mem:morse_mem|morse_blink:blinker|CS.FINISH'
Slack : 3.511
TNS   : 0.000

Type  : Slow 1100mV 0C Model Recovery 'ktane_mem:memory|keypad_mem:keypad_mem|oleds:button_oled2|I2C:U1|data_in_ready_reg'
Slack : -5.512
TNS   : -157.788

Type  : Slow 1100mV 0C Model Recovery 'ktane_mem:memory|keypad_mem:keypad_mem|oleds:button_oled1|I2C:U1|data_in_ready_reg'
Slack : -5.117
TNS   : -129.583

Type  : Slow 1100mV 0C Model Recovery 'ktane_mem:memory|button_mem:button_mem|oleds:button_oled|I2C:U1|data_in_ready_reg'
Slack : -4.826
TNS   : -139.181

Type  : Slow 1100mV 0C Model Removal 'ktane_mem:memory|keypad_mem:keypad_mem|oleds:button_oled1|I2C:U1|data_in_ready_reg'
Slack : -0.475
TNS   : -4.720

Type  : Slow 1100mV 0C Model Removal 'ktane_mem:memory|keypad_mem:keypad_mem|oleds:button_oled2|I2C:U1|data_in_ready_reg'
Slack : 0.755
TNS   : 0.000

Type  : Slow 1100mV 0C Model Removal 'ktane_mem:memory|button_mem:button_mem|oleds:button_oled|I2C:U1|data_in_ready_reg'
Slack : 0.820
TNS   : 0.000

Type  : Slow 1100mV 0C Model Minimum Pulse Width 'clock'
Slack : -2.636
TNS   : -20963.080

Type  : Slow 1100mV 0C Model Minimum Pulse Width 'FSM:fsm|currentState.10'
Slack : -0.935
TNS   : -7.620

Type  : Slow 1100mV 0C Model Minimum Pulse Width 'FSM:fsm|currentState.11'
Slack : -0.493
TNS   : -4.614

Type  : Slow 1100mV 0C Model Minimum Pulse Width 'ktane_mem:memory|button_mem:button_mem|oleds:button_oled|divider:div|en'
Slack : -0.445
TNS   : -44.367

Type  : Slow 1100mV 0C Model Minimum Pulse Width 'ktane_mem:memory|keypad_mem:keypad_mem|oleds:button_oled2|divider:div|en'
Slack : -0.394
TNS   : -52.534

Type  : Slow 1100mV 0C Model Minimum Pulse Width 'ktane_mem:memory|keypad_mem:keypad_mem|oleds:button_oled1|divider:div|en'
Slack : -0.394
TNS   : -52.010

Type  : Slow 1100mV 0C Model Minimum Pulse Width 'ktane_mem:memory|keypad_mem:keypad_mem|oleds:button_oled1|I2C:U1|data_in_ready_reg'
Slack : -0.394
TNS   : -22.186

Type  : Slow 1100mV 0C Model Minimum Pulse Width 'ktane_mem:memory|keypad_mem:keypad_mem|oleds:button_oled2|I2C:U1|data_in_ready_reg'
Slack : -0.394
TNS   : -21.117

Type  : Slow 1100mV 0C Model Minimum Pulse Width 'ktane_mem:memory|button_mem:button_mem|oleds:button_oled|I2C:U1|data_in_ready_reg'
Slack : -0.394
TNS   : -18.148

Type  : Slow 1100mV 0C Model Minimum Pulse Width 'ktane_mem:memory|keypad_mem:keypad_mem|oleds:button_oled2|CS.end_data'
Slack : -0.394
TNS   : -6.612

Type  : Slow 1100mV 0C Model Minimum Pulse Width 'ktane_mem:memory|keypad_mem:keypad_mem|oleds:button_oled1|CS.end_data'
Slack : -0.394
TNS   : -5.868

Type  : Slow 1100mV 0C Model Minimum Pulse Width 'ktane_mem:memory|button_mem:button_mem|oleds:bu